╭───────────────────────────────────────────────────────────────────────────────────────────────────────────────────────────────────────────────────╮
│ Run Input                                                                                                                                         │
│ Configuration                                                                                                                                     │
│ ┏━━━━━━━━━━━━━┳━━━━━━━━━━━━━━━━━━━━━━━━━━━━━━━━━━━━━━━━━━━━━━━━━━━━━━━━━━━━━━━━━━━━━━━━━━━━━━━━━━━━━━━━━━━━━━━━━━━━━┓                             │
│ ┃ Key         ┃ Value                                                                                               ┃                             │
│ ┡━━━━━━━━━━━━━╇━━━━━━━━━━━━━━━━━━━━━━━━━━━━━━━━━━━━━━━━━━━━━━━━━━━━━━━━━━━━━━━━━━━━━━━━━━━━━━━━━━━━━━━━━━━━━━━━━━━━━┩                             │
│ │ Method      │ lavague                                                                                             │                             │
│ │ Application │ bookstack                                                                                           │                             │
│ │ Output      │ /home/xiwen/webtestpilot-camera-ready/experiments/rq1/results/lavague_bookstack/run_20260207_215809 │                             │
│ │ Headless    │ True                                                                                                │                             │
│ │ Inject bug  │ False                                                                                               │                             │
│ └─────────────┴─────────────────────────────────────────────────────────────────────────────────────────────────────┘                             │
│ Test Cases                                                                                                                                        │
│ ┏━━━━━┳━━━━━━━━━━━━━━━━━━━━━━━━━━━━━━━━━┳━━━━━━━━━━┓                                                                                              │
│ ┃ No. ┃ Test Case                       ┃ Bug Name ┃                                                                                              │
│ ┡━━━━━╇━━━━━━━━━━━━━━━━━━━━━━━━━━━━━━━━━╇━━━━━━━━━━┩                                                                                              │
│ │ 1   │ comment                         │ -        │                                                                                              │
│ └─────┴─────────────────────────────────┴──────────┘                                                                                              │
╰───────────────────────────────────────────────────────────────────────────────────────────────────────────────────────────────────────────────────╯
[21:58:11] INFO     Initializing lavague test runner.                                                                                 evaluate.py:143
           INFO     Starting test execution.                                                                                          evaluate.py:146

╭───────────────────────────────────────────────────────────────────────────────────────────────────────────────────────────────────────────────────╮
│ Test Case 1/27: Comment                                                                                                                           │
╰───────────────────────────────────────────────────────────────────────────────────────────────────────────────────────────────────────────────────╯

           INFO     Restarting webapp: bookstack                                                                                   base_runner.py:112
[21:58:34] INFO     Webapp restarted successfully                                                                                  base_runner.py:121

╭───────────────────────────────────────────────────────────────────────────────────────────────────────────────────────────────────────────────────╮
│ Step 1/6                                                                                                                                          │
│ Action: From the dashboard click 'Page Template' link                                                                                             │
│ Expected Result: Page contains title 'Page Template'                                                                                              │
╰───────────────────────────────────────────────────────────────────────────────────────────────────────────────────────────────────────────────────╯

[21:58:42] INFO     HTTP Request: POST https://api.key77qiqi.com/v1/chat/completions "HTTP/1.1 200 OK"                                _client.py:1025
           INFO     thoughts:                                                                                                           agents.py:463
                    - The objective is to click the 'Page Template' link from the dashboard.                                                         
                    - The screenshot shows a dashboard with several panels, including "My Recently Viewed", "Recently Updated Pages",                
                    and "Recent Activity".                                                                                                           
                    - The "Page Template" link appears under both "My Recently Viewed" and "Recently Updated Pages".                                 
                    - These links are likely interactable and will lead to the desired page.                                                         
                    - The most direct and unambiguous option is to click the "Page Template" link under "My Recently Viewed" on the                  
                    left panel.                                                                                                                      
                                                                                                                                                     
                    next_engine: Navigation Engine                                                                                                   
                    instruction: Click on the 'Page Template' link under the "My Recently Viewed" section on the left side of the                    
                    dashboard.                                                                                                                       
[21:58:46] INFO     HTTP Request: POST https://api.key77qiqi.com/v1/embeddings "HTTP/1.1 200 OK"                                      _client.py:1025
[21:58:48] INFO     HTTP Request: POST https://api.key77qiqi.com/v1/embeddings "HTTP/1.1 200 OK"                                      _client.py:1025
[21:58:51] INFO     HTTP Request: POST https://api.key77qiqi.com/v1/chat/completions "HTTP/1.1 200 OK"                                _client.py:1025
[21:58:58] INFO     HTTP Request: POST https://api.key77qiqi.com/v1/chat/completions "HTTP/1.1 200 OK"                                _client.py:1025
           INFO     thoughts:                                                                                                           agents.py:463
                    - The objective is to click the 'Page Template' link from the dashboard.                                                         
                    - The previous instruction was to click on the 'Page Template' link under "My Recently Viewed".                                  
                    - The current screenshot shows that the 'Page Template' page is already open and displayed.                                      
                    - The objective has already been achieved as the 'Page Template' content is visible.                                             
                    next_engine: COMPLETE                                                                                                            
                    instruction: [NONE]                                                                                                              
           INFO     Objective reached. Stopping...                                                                                      agents.py:470

╭───────────────────────────────────────────────────────────────────────────────────────────────────────────────────────────────────────────────────╮
│ Step 2/6                                                                                                                                          │
│ Action: Scroll down                                                                                                                               │
│ Expected Result: A list of comments is present                                                                                                    │
╰───────────────────────────────────────────────────────────────────────────────────────────────────────────────────────────────────────────────────╯

[21:59:03] INFO     HTTP Request: POST https://api.key77qiqi.com/v1/chat/completions "HTTP/1.1 200 OK"                                _client.py:1025
           INFO     thoughts:                                                                                                           agents.py:463
                    - The objective is to scroll down on the current page.                                                                           
                    - The screenshot shows the "Page Template" page in BookStack.                                                                    
                    - There is no visible scrollbar in the main content area, but there may be more content below or additional                      
                    navigation options.                                                                                                              
                    - The most direct way to fulfill the objective is to issue a scroll down command to ensure any hidden content is                 
                    revealed.                                                                                                                        
                    next_engine: Navigation Controls                                                                                                 
                    instruction: SCROLL_DOWN                                                                                                         
[21:59:08] INFO     HTTP Request: POST https://api.key77qiqi.com/v1/chat/completions "HTTP/1.1 200 OK"                                _client.py:1025
           INFO     thoughts:                                                                                                           agents.py:463
                    - The objective is to scroll down the page.                                                                                      
                    - The previous step already issued a SCROLL_DOWN command, but the screenshot still shows the top portion of the                  
                    comments section and actions menu.                                                                                               
                    - There may be more content below that is not currently visible.                                                                 
                    - To continue fulfilling the objective, another scroll down action should be performed to reveal additional                      
                    content.                                                                                                                         
                                                                                                                                                     
                    next_engine: Navigation Controls                                                                                                 
                    instruction: SCROLL_DOWN                                                                                                         
[21:59:12] INFO     HTTP Request: POST https://api.key77qiqi.com/v1/chat/completions "HTTP/1.1 200 OK"                                _client.py:1025
           INFO     Thoughts:                                                                                                           agents.py:463
                    - The objective is to scroll down the page.                                                                                      
                    - Previous instructions have already issued two SCROLL_DOWN commands, indicating that the user wants to see more                 
                    content below.                                                                                                                   
                    - The current screenshot shows the comments section and some actions on the left, but there may be more content                  
                    further down.                                                                                                                    
                    - Since the objective is to scroll down and there is no indication that the bottom of the page has been reached,                 
                    another SCROLL_DOWN command is appropriate.                                                                                      
                                                                                                                                                     
                    Next engine: Navigation Controls                                                                                                 
                    Instruction: SCROLL_DOWN                                                                                                         
[21:59:17] INFO     HTTP Request: POST https://api.key77qiqi.com/v1/chat/completions "HTTP/1.1 200 OK"                                _client.py:1025
           INFO     Thoughts:                                                                                                           agents.py:463
                    - The objective is to scroll down the page.                                                                                      
                    - The previous instructions have already issued three consecutive SCROLL_DOWN commands.                                          
                    - The current screenshot shows the comments section and actions menu, but there may be more content below that is                
                    not visible yet.                                                                                                                 
                    - Since the objective is to scroll down and there is no indication that the bottom of the page has been reached,                 
                    another scroll down action is appropriate.                                                                                       
                                                                                                                                                     
                    Next engine: Navigation Controls                                                                                                 
                    Instruction: SCROLL_DOWN                                                                                                         

╭───────────────────────────────────────────────────────────────────────────────────────────────────────────────────────────────────────────────────╮
│ Step 3/6                                                                                                                                          │
│ Action: Click 'Add Comment'                                                                                                                       │
│ Expected Result: A WYSIWYG comment editor is open                                                                                                 │
╰───────────────────────────────────────────────────────────────────────────────────────────────────────────────────────────────────────────────────╯

[21:59:22] INFO     HTTP Request: POST https://api.key77qiqi.com/v1/chat/completions "HTTP/1.1 200 OK"                                _client.py:1025
           INFO     thoughts:                                                                                                           agents.py:463
                    - The objective is to click the 'Add Comment' button.                                                                            
                    - The 'Add Comment' button is clearly visible at the bottom right of the comments section.                                       
                    - No ambiguity exists regarding which element to interact with.                                                                  
                    - The next step is to instruct the Navigation Engine to click on the 'Add Comment' button.                                       
                                                                                                                                                     
                    next_engine: Navigation Engine                                                                                                   
                    instruction: Click on the 'Add Comment' button at the bottom right of the comments section.                                      
[21:59:25] INFO     HTTP Request: POST https://api.key77qiqi.com/v1/embeddings "HTTP/1.1 200 OK"                                      _client.py:1025
[21:59:27] INFO     HTTP Request: POST https://api.key77qiqi.com/v1/embeddings "HTTP/1.1 200 OK"                                      _client.py:1025
[21:59:31] INFO     HTTP Request: POST https://api.key77qiqi.com/v1/chat/completions "HTTP/1.1 200 OK"                                _client.py:1025
[21:59:38] INFO     HTTP Request: POST https://api.key77qiqi.com/v1/chat/completions "HTTP/1.1 200 OK"                                _client.py:1025
           INFO     Thoughts:                                                                                                           agents.py:463
                    - The objective is to click the 'Add Comment' button.                                                                            
                    - Previous instructions indicate that the 'Add Comment' button is at the bottom right of the comments section.                   
                    - The current screenshot shows a "New Comment" section with a comment input box, but there is no visible 'Add                    
                    Comment' button in this view.                                                                                                    
                    - It is possible that the button is just below the visible area or hidden due to the current scroll position.                    
                    - The best next step is to scroll down further to reveal the 'Add Comment' button if it is not currently visible.                
                                                                                                                                                     
                    Next engine: Navigation Controls                                                                                                 
                    Instruction: SCROLL_DOWN                                                                                                         
[21:59:42] INFO     HTTP Request: POST https://api.key77qiqi.com/v1/chat/completions "HTTP/1.1 200 OK"                                _client.py:1025
           INFO     Thoughts:                                                                                                           agents.py:463
                    - The objective is to click 'Add Comment'.                                                                                       
                    - The previous instructions included scrolling down and attempting to click the 'Add Comment' button at the bottom               
                    right of the comments section.                                                                                                   
                    - The current screenshot shows the 'New Comment' section with a text box for entering a comment and a 'Save                      
                    Comment' button.                                                                                                                 
                    - There is no visible 'Add Comment' button, but the presence of the 'New Comment' section indicates that the 'Add                
                    Comment' action has already been triggered.                                                                                      
                    - The next logical step would be to interact with the 'Save Comment' button if the objective was to submit a                     
                    comment, but since the objective is only to click 'Add Comment', this step is already achieved.                                  
                                                                                                                                                     
                    Next engine: COMPLETE                                                                                                            
                    Instruction: [NONE]                                                                                                              
           INFO     Objective reached. Stopping...                                                                                      agents.py:470

╭───────────────────────────────────────────────────────────────────────────────────────────────────────────────────────────────────────────────────╮
│ Step 4/6                                                                                                                                          │
│ Action: Scroll down                                                                                                                               │
│ Expected Result: 'Save Comment' and 'Cancel' buttons are present                                                                                  │
╰───────────────────────────────────────────────────────────────────────────────────────────────────────────────────────────────────────────────────╯

           ERROR    Error when running test case: [Errno 17] File exists:                                                          base_runner.py:154
                    '/home/xiwen/webtestpilot-camera-ready/experiments/rq1/results/lavague_bookstack/run_20260207_215809/comment/s                   
                    croll_down'                                                                                                                      
                    Traceback (most recent call last):                                                                                               
                      File "/home/xiwen/webtestpilot-camera-ready/baselines/base_runner.py", line 150, in _run_test_case                             
                        step_result = self._step(test_step, test_context)                                                                            
                                      ^^^^^^^^^^^^^^^^^^^^^^^^^^^^^^^^^^^                                                                            
                      File "/home/xiwen/webtestpilot-camera-ready/baselines/lavague/runner.py", line 112, in _step                                   
                        screenshot_folder.mkdir(parents=True)                                                                                        
                      File "/home/xiwen/.local/share/uv/python/cpython-3.12.9-linux-x86_64-gnu/lib/python3.12/pathlib.py", line                      
                    1311, in mkdir                                                                                                                   
                        os.mkdir(self, mode)                                                                                                         
                    FileExistsError: [Errno 17] File exists:                                                                                         
                    '/home/xiwen/webtestpilot-camera-ready/experiments/rq1/results/lavague_bookstack/run_20260207_215809/comment/s                   
                    croll_down'                                                                                                                      
